// Jest Snapshot v1, https://goo.gl/fbAQLP

exports[`Matches snapshot 1`] = `
<DocumentFragment>
  <div
    class="bokl-books-listing"
  >
    <h2
      class="bokl-books-listing--title"
    >
      All Books
    </h2>
    <div
      class="bokl-books-listing--list mt-5 d-flex flex-wrap justify-content-between"
    >
      <p>
        Sorry no books to Display
      </p>
    </div>
  </div>
</DocumentFragment>
`;
